// Jest Snapshot v1, https://goo.gl/fbAQLP

exports[`should render EditExpense 1`] = `
<div
  className="container"
>
  <ExpenseForm
    expense={
      Object {
        "amount": 45,
        "createdAt": 345600000,
        "description": "Paper",
        "id": "3",
        "note": "",
      }
    }
    onSubmit={[Function]}
  />
  <hr />
  <div
    className="row"
  >
    <div
      className="col-sm-12"
    >
      <button
        className="btn btn-danger"
        onClick={[Function]}
      >
        Remove
      </button>
    </div>
  </div>
</div>
`;
