// Jest Snapshot v1, https://goo.gl/fbAQLP

exports[`should render Header correctly 1`] = `
<div>
  <Connect(ExpenseSummary) />
  <div
    className="container"
  >
    <div
      className="row"
    >
      <Connect(ExpenseList) />
      <Connect(ExpenseListFilters) />
    </div>
  </div>
</div>
`;
