// Jest Snapshot v1, https://goo.gl/fbAQLP

exports[`should render Login Page correctly 1`] = `
<div
  className="login-page h-100"
>
  <div
    className="container h-100"
  >
    <div
      className="row h-100 justify-content-center align-items-center"
    >
      <div
        class="card"
      >
        <div
          class="card-body"
        >
          <div
            class="text-center"
          >
            <h3
              class="white-text"
            >
              Welcome to Spendify.
            </h3>
          </div>
          <button
            className="btn btn-lg btn-primary btn-block"
          >
            Login
          </button>
        </div>
      </div>
    </div>
  </div>
</div>
`;
